Global FEM nodes: 0 on 1 ranks
Local FEM nodes: 8 (0 owned)
Time integrator took 1 time steps to reach final time 0.0001
